<html>
<body>
<pre>
<h1>µVision Build Log</h1>
<h2>Tool Versions:</h2>
IDE-Version: ¦ÌVision V5.20.0.0
Copyright (C) 2016 ARM Ltd and ARM Germany GmbH. All rights reserved.
License Information: h zh, 666, LIC=DSNXV-PPG89-35KTX-HVQ40-8UHX5-844T6
 
Tool Versions:
Toolchain:       MDK-ARM Professional  Version: 5.20
Toolchain Path:  C:\Keil_v5\ARM\ARMCC\Bin
C Compiler:      Armcc.exe V5.06 update 2 (build 183)
Assembler:       Armasm.exe V5.06 update 2 (build 183)
Linker/Locator:  ArmLink.exe V5.06 update 2 (build 183)
Library Manager: ArmAr.exe V5.06 update 2 (build 183)
Hex Converter:   FromElf.exe V5.06 update 2 (build 183)
CPU DLL:         SARMCM3.DLL V5.20
Dialog DLL:      DCM.DLL V1.13.7.0
Target DLL:      STLink\ST-LINKIII-KEIL_SWO.dll V2.0.18.0
Dialog DLL:      TCM.DLL V1.14.9.0
 
<h2>Project:</h2>
C:\Users\hzh88\Desktop\stm32f4xx_hal\USER\TOUCH.uvprojx
Project File Date:  03/30/2022

<h2>Output:</h2>
*** Using Compiler 'V5.06 update 2 (build 183)', folder: 'C:\Keil_v5\ARM\ARMCC\Bin'
Build target 'TOUCH'
compiling main.c...
..\HARDWARE\PWM/pwm.h(25): warning:  #1295-D: Deprecated declaration PWM_TIM2_Stop - give arg types
  void PWM_TIM2_Stop();
..\HARDWARE\PWM/pwm.h(26): warning:  #1295-D: Deprecated declaration PWM_TIM3_Stop - give arg types
  void PWM_TIM3_Stop();
..\HARDWARE\PWM/pwm.h(27): warning:  #1295-D: Deprecated declaration PWM_TIM4_Stop - give arg types
  void PWM_TIM4_Stop();
..\HARDWARE\PWM/pwm.h(28): warning:  #1295-D: Deprecated declaration PWM_TIM9_Stop - give arg types
  void PWM_TIM9_Stop();
main.c: 4 warnings, 0 errors
compiling pwm.c...
..\HARDWARE\PWM\pwm.h(25): warning:  #1295-D: Deprecated declaration PWM_TIM2_Stop - give arg types
  void PWM_TIM2_Stop();
..\HARDWARE\PWM\pwm.h(26): warning:  #1295-D: Deprecated declaration PWM_TIM3_Stop - give arg types
  void PWM_TIM3_Stop();
..\HARDWARE\PWM\pwm.h(27): warning:  #1295-D: Deprecated declaration PWM_TIM4_Stop - give arg types
  void PWM_TIM4_Stop();
..\HARDWARE\PWM\pwm.h(28): warning:  #1295-D: Deprecated declaration PWM_TIM9_Stop - give arg types
  void PWM_TIM9_Stop();
..\HARDWARE\PWM\pwm.c: 4 warnings, 0 errors
linking...
Program Size: Code=6786 RO-data=478 RW-data=36 ZI-data=2140  
FromELF: creating hex file...
"..\OBJ\TOUCH.axf" - 0 Error(s), 8 Warning(s).

<h2>Collection of Component include folders:</h2>
  C:\Users\hzh88\Desktop\stm32f4xx_hal\USER\RTE
  C:\Keil_v5\ARM\PACK\Keil\STM32F4xx_DFP\2.8.0\Drivers\CMSIS\Device\ST\STM32F4xx\Include

<h2>Collection of Component Files used:</h2>
Build Time Elapsed:  00:00:01
</pre>
</body>
</html>
